KKC PORTAL v2.1.9 ACTIVE ON PORT 5021
[Texture] Initial index build complete.
GET /viewer.html?mode=showroom 200 24517 - 5.899 ms
GET /css/viewer.css?v=1873 200 37603 - 3.916 ms
GET /js/viewer.js?v=1874 200 49157 - 3.982 ms
GET /js/materialManager.js 200 44251 - 3.221 ms
GET /js/uiManager.js 200 13723 - 6.758 ms
GET /js/showroomManager.js 200 25323 - 6.143 ms
GET /js/engine.js 200 7653 - 6.346 ms
GET /js/modelLoader.js 200 11252 - 8.168 ms
GET /api/showroom/categories 200 1852 - 32.478 ms
GET /viewer.html?mode=showroom 200 24517 - 1.567 ms
GET /css/viewer.css?v=1873 200 37603 - 2.314 ms
GET /js/viewer.js?v=1874 200 49157 - 2.269 ms
GET /js/uiManager.js 200 13723 - 3.101 ms
GET /js/materialManager.js 200 44251 - 3.375 ms
GET /js/showroomManager.js 200 25323 - 2.950 ms
GET /js/modelLoader.js 200 11252 - 4.069 ms
GET /js/engine.js 200 7653 - 4.847 ms
GET /api/showroom/categories 200 1852 - 1.809 ms
GET /viewer.html?mode=showroom 200 24517 - 1.051 ms
GET /css/viewer.css?v=1873 200 37603 - 2.723 ms
GET /js/viewer.js?v=1874 200 49157 - 2.862 ms
GET /js/uiManager.js 200 13723 - 1.020 ms
GET /js/materialManager.js 200 44251 - 3.786 ms
GET /js/showroomManager.js 200 25323 - 5.414 ms
GET /js/engine.js 200 7653 - 4.205 ms
GET /js/modelLoader.js 200 11252 - 3.543 ms
GET /api/showroom/categories 200 1852 - 6.360 ms
GET /viewer.html?mode=showroom 200 24517 - 1.025 ms
GET /css/viewer.css?v=1873 200 37603 - 2.236 ms
GET /js/viewer.js?v=1874 200 49157 - 2.040 ms
GET /js/uiManager.js 200 13723 - 0.662 ms
GET /js/materialManager.js 200 44251 - 2.230 ms
GET /js/showroomManager.js 200 25323 - 2.521 ms
GET /js/engine.js 200 7653 - 2.802 ms
GET /js/modelLoader.js 200 11252 - 1.865 ms
GET /api/showroom/categories 200 1852 - 1.131 ms
GET /viewer.html?mode=showroom 200 24517 - 1.278 ms
GET /css/viewer.css?v=1873 200 37603 - 2.566 ms
GET /js/viewer.js?v=1874 200 49157 - 4.111 ms
GET /js/uiManager.js 200 13723 - 4.571 ms
GET /js/materialManager.js 200 44251 - 4.330 ms
GET /js/showroomManager.js 200 25323 - 4.254 ms
GET /js/engine.js 200 7653 - 2.029 ms
GET /js/modelLoader.js 200 11252 - 2.029 ms
GET /api/showroom/categories 200 1852 - 2.457 ms
GET / 200 4544 - 1.191 ms
GET /css/index.css?v=301 200 5201 - 2.486 ms
GET /js/index.js?v=301 200 4908 - 2.544 ms
GET /images/kkc_logo.jpg 200 1125941 - 2.575 ms
GET /service-worker.js 200 270 - 0.719 ms
GET /viewer.html?mode=showroom 200 24517 - 0.621 ms
GET /css/viewer.css?v=1873 200 37603 - 2.860 ms
GET /js/viewer.js?v=1874 200 49157 - 3.587 ms
GET /js/uiManager.js 200 13723 - 10.445 ms
GET /js/materialManager.js 200 44251 - 9.665 ms
GET /js/showroomManager.js 200 25323 - 7.863 ms
GET /js/engine.js 200 7653 - 7.817 ms
GET /js/modelLoader.js 200 11252 - 7.878 ms
GET /api/showroom/categories 200 1852 - 4.563 ms
GET /viewer.html?mode=showroom 200 24517 - 2.434 ms
GET /css/viewer.css?v=1873 200 37603 - 1.889 ms
GET /js/viewer.js?v=1874 200 49157 - 1.754 ms
GET /js/uiManager.js 200 13723 - 1.270 ms
GET /js/materialManager.js 200 44251 - 3.606 ms
GET /js/showroomManager.js 200 25323 - 2.890 ms
GET /js/engine.js 200 7653 - 2.895 ms
GET /js/modelLoader.js 200 11252 - 2.457 ms
GET /api/showroom/categories 200 1852 - 5.088 ms
GET /viewer.html?mode=showroom 304 - - 0.871 ms
GET /css/viewer.css?v=1873 304 - - 1.277 ms
GET /js/viewer.js?v=1874 304 - - 2.710 ms
GET /js/uiManager.js 304 - - 3.263 ms
GET /js/materialManager.js 304 - - 3.340 ms
GET /js/showroomManager.js 304 - - 3.427 ms
GET /js/engine.js 304 - - 1.934 ms
GET /js/modelLoader.js 304 - - 1.852 ms
GET /api/showroom/categories 304 - - 1.016 ms
GET /viewer.html?mode=showroom 200 24517 - 1.397 ms
GET /js/viewer.js?v=1874 200 49157 - 2.072 ms
GET /css/viewer.css?v=1873 200 37603 - 4.561 ms
GET /js/uiManager.js 200 13723 - 2.342 ms
GET /js/materialManager.js 200 44251 - 2.550 ms
GET /js/showroomManager.js 200 25323 - 3.044 ms
GET /js/engine.js 200 7653 - 4.732 ms
GET /js/modelLoader.js 200 11252 - 4.626 ms
GET /api/showroom/categories 200 1852 - 4.026 ms
GET /viewer.html?mode=showroom 200 24517 - 1.213 ms
GET /css/viewer.css?v=1873 200 37603 - 3.464 ms
GET /js/viewer.js?v=1874 200 49157 - 3.902 ms
GET /js/uiManager.js 200 13723 - 1.723 ms
GET /js/materialManager.js 200 44251 - 1.787 ms
GET /js/showroomManager.js 200 25323 - 1.997 ms
GET /js/engine.js 200 7653 - 1.709 ms
GET /js/modelLoader.js 200 11252 - 1.855 ms
GET /api/showroom/categories 200 1852 - 1.227 ms
GET /viewer.html?mode=showroom 200 24517 - 1.219 ms
GET /css/viewer.css?v=1873 200 37603 - 7.024 ms
GET /js/viewer.js?v=1874 200 49157 - 7.784 ms
GET /js/uiManager.js 200 13723 - 2.257 ms
GET /js/materialManager.js 200 44251 - 2.581 ms
GET /js/showroomManager.js 200 25323 - 1.910 ms
GET /js/engine.js 200 7653 - 1.957 ms
GET /js/modelLoader.js 200 11252 - 1.984 ms
GET /api/showroom/categories 200 1852 - 3.140 ms
GET /viewer.html?mode=showroom 200 24517 - 0.946 ms
GET /css/viewer.css?v=1873 200 37603 - 1.312 ms
GET /js/viewer.js?v=1874 200 49157 - 1.274 ms
GET /js/uiManager.js 200 13723 - 8.565 ms
GET /js/materialManager.js 200 44251 - 8.678 ms
GET /js/showroomManager.js 200 25323 - 8.664 ms
GET /js/engine.js 200 7653 - 9.442 ms
GET /js/modelLoader.js 200 11252 - 6.218 ms
GET /api/showroom/categories 200 1852 - 0.926 ms
GET /viewer.html?mode=showroom 200 24517 - 1.052 ms
GET /css/viewer.css?v=1873 200 37603 - 1.518 ms
GET /js/viewer.js?v=1874 200 49157 - 1.546 ms
GET /js/uiManager.js 200 13723 - 0.688 ms
GET /js/materialManager.js 200 44251 - 2.067 ms
GET /js/showroomManager.js 200 25323 - 3.024 ms
GET /js/engine.js 200 7653 - 3.017 ms
GET /js/modelLoader.js 200 11252 - 3.015 ms
GET /api/showroom/categories 200 1852 - 1.891 ms
